[html.rometheme.pro/gaco/index.html]
[backblue.gif]
[fade.gif]
[index.html]
[html.rometheme.pro/gaco/images/favicon.ico]
[html.rometheme.pro/gaco/images/apple-touch-icon.png]
[html.rometheme.pro/gaco/images/apple-touch-icon-72x72.png]
[html.rometheme.pro/gaco/images/apple-touch-icon-114x114.png]
[html.rometheme.pro/gaco/css/vendor/font-awesome.min.css]
[html.rometheme.pro/gaco/css/vendor/bootstrap.min.css]
[html.rometheme.pro/gaco/css/vendor/owl.carousel.min.css]
[html.rometheme.pro/gaco/css/vendor/owl.theme.default.min.css]
[html.rometheme.pro/gaco/css/vendor/magnific-popup.css]
[html.rometheme.pro/gaco/css/vendor/animate.min.css]
[html.rometheme.pro/gaco/css/style.css]
[html.rometheme.pro/gaco/js/vendor/modernizr.min.js]
[html.rometheme.pro/gaco/images/logo.png]
[html.rometheme.pro/gaco/index-2.html]
[html.rometheme.pro/gaco/about.html]
[html.rometheme.pro/gaco/services.html]
[html.rometheme.pro/gaco/page-gallery.html]
[html.rometheme.pro/gaco/page-testimonials.html]
[html.rometheme.pro/gaco/page-faq.html]
[html.rometheme.pro/gaco/page-404.html]
[html.rometheme.pro/gaco/page-news.html]
[html.rometheme.pro/gaco/page-news-single.html]
[html.rometheme.pro/gaco/contact.html]
[html.rometheme.pro/gaco/images/home01.jpg]
[html.rometheme.pro/gaco/images/home02.jpg]
[html.rometheme.pro/gaco/images/home03.jpg]
[html.rometheme.pro/gaco/images/worker3.png]
[html.rometheme.pro/gaco/images/services-img-1.jpg]
[html.rometheme.pro/gaco/images/services-img-2.jpg]
[html.rometheme.pro/gaco/images/services-img-3.jpg]
[html.rometheme.pro/gaco/images/gallery-1.jpg]
[html.rometheme.pro/gaco/images/gallery-2.jpg]
[html.rometheme.pro/gaco/images/gallery-3.jpg]
[html.rometheme.pro/gaco/images/gallery-4.jpg]
[html.rometheme.pro/gaco/images/news-img-1.jpg]
[html.rometheme.pro/gaco/images/news-img-2.jpg]
[html.rometheme.pro/gaco/images/team-img1.jpg]
[html.rometheme.pro/gaco/images/team-img2.jpg]
[html.rometheme.pro/gaco/images/team-img3.jpg]
[html.rometheme.pro/gaco/images/client1.png]
[html.rometheme.pro/gaco/images/client2.png]
[html.rometheme.pro/gaco/images/client3.png]
[html.rometheme.pro/gaco/images/client4.png]
[html.rometheme.pro/gaco/images/client5.png]
[html.rometheme.pro/gaco/images/client6.png]
[html.rometheme.pro/gaco/images/logo_w.png]
[html.rometheme.pro/gaco/images/worker-footer.png]
[html.rometheme.pro/gaco/js/vendor/jquery.min.js]
[html.rometheme.pro/gaco/js/vendor/bootstrap.min.js]
[html.rometheme.pro/gaco/js/vendor/owl.carousel.js]
[html.rometheme.pro/gaco/js/vendor/jquery.magnific-popup.min.js]
[html.rometheme.pro/gaco/js/vendor/validator.min.js]
[html.rometheme.pro/gaco/js/vendor/form-scripts.js]
[html.rometheme.pro/gaco/index.html]
[html.rometheme.pro/gaco/css/vendor/bootstrap.min.css]
[html.rometheme.pro/gaco/js/script.js]
[html.rometheme.pro/gaco/fonts/fontawesome-webfont3e6e.eot]
[html.rometheme.pro/gaco/fonts/fontawesome-webfont3e6e.woff2]
[html.rometheme.pro/gaco/fonts/fontawesome-webfontd41d.eot]
[html.rometheme.pro/gaco/fonts/fontawesome-webfont3e6e.woff]
[html.rometheme.pro/gaco/fonts/fontawesome-webfont3e6e.ttf]
[html.rometheme.pro/gaco/css/vendor/font-awesome.min.css]
[html.rometheme.pro/gaco/css/vendor/owl.carousel.min.css]
[html.rometheme.pro/gaco/css/vendor/owl.theme.default.min.css]
[html.rometheme.pro/gaco/css/vendor/magnific-popup.css]
[html.rometheme.pro/gaco/css/vendor/animate.min.css]
[html.rometheme.pro/gaco/fonts/fontawesome-webfont3e6e.svg]
[html.rometheme.pro/gaco/fonts/sas-webfontc56b.eot]
[html.rometheme.pro/gaco/fonts/sas-webfontc56b.woff2]
[html.rometheme.pro/gaco/fonts/sas-webfontc56b.woff]
[html.rometheme.pro/gaco/fonts/sas-webfontc56b.ttf]
[html.rometheme.pro/gaco/fonts/sas-webfontc56b.svg]
[html.rometheme.pro/gaco/images/decor.png]
[html.rometheme.pro/gaco/images/cd-top-arrow.svg]
[html.rometheme.pro/gaco/images/cd-icon-controller.svg]
[html.rometheme.pro/gaco/css/style.css]
[html.rometheme.pro/gaco/images/about_img.jpg]
[html.rometheme.pro/gaco/images/services_img.png]
[html.rometheme.pro/gaco/images/news-img-3.jpg]
[html.rometheme.pro/gaco/index-2.html]
[html.rometheme.pro/gaco/images/team01.jpg]
[html.rometheme.pro/gaco/images/team02.jpg]
[html.rometheme.pro/gaco/images/team03.jpg]
[html.rometheme.pro/gaco/images/team04.jpg]
[html.rometheme.pro/gaco/about.html]
[html.rometheme.pro/gaco/images/services-img-4.jpg]
[html.rometheme.pro/gaco/images/services-img-5.jpg]
[html.rometheme.pro/gaco/images/services-img-6.jpg]
[html.rometheme.pro/gaco/services.html]
[html.rometheme.pro/gaco/images/gallery-5.jpg]
[html.rometheme.pro/gaco/images/gallery-6.jpg]
[html.rometheme.pro/gaco/images/gallery-7.jpg]
[html.rometheme.pro/gaco/images/gallery-8.jpg]
[html.rometheme.pro/gaco/page-gallery.html]
[html.rometheme.pro/gaco/images/team-img4.jpg]
[html.rometheme.pro/gaco/page-testimonials.html]
[html.rometheme.pro/gaco/page-faq.html]
[html.rometheme.pro/gaco/page-404.html]
[html.rometheme.pro/gaco/page-news.html]
[html.rometheme.pro/gaco/images/testimony-thumb-3.jpg]
[html.rometheme.pro/gaco/images/testimony-thumb-1.jpg]
[html.rometheme.pro/gaco/images/testimony-thumb-2.jpg]
[html.rometheme.pro/gaco/page-news-single.html]
[html.rometheme.pro/gaco/contact.html]
[html.rometheme.pro/gaco/js/googlemap-setting.js]
[html.rometheme.pro/gaco/fonts/fontawesome-webfont3e6e.svg]
[html.rometheme.pro/gaco/css/vendor/owl.video.play.html]
[html.rometheme.pro/gaco/fonts/sas-webfontc56b.svg]
[html.rometheme.pro/gaco/images/cd-top-arrow.svg]
[html.rometheme.pro/gaco/images/cd-icon-controller.svg]
[html.rometheme.pro/gaco/attorneys-single.html]
